{"__type":"$$EventMessageWorkflow","id":"52240188-0738-4fdc-ba06-362814804a76","ts":"2025-12-05T03:21:15.335+00:00","eventName":"n8n.workflow.started","message":"n8n.workflow.started","payload":{"executionId":"26","workflowId":"TO6cy9IQM8x3WmCp","isManual":false,"workflowName":"testingDate"}}
{"__type":"$$EventMessageConfirm","confirm":"52240188-0738-4fdc-ba06-362814804a76","ts":"2025-12-05T03:21:15.335+00:00","source":{"id":"0","name":"eventBus"}}
{"__type":"$$EventMessageNode","id":"41807413-f9b2-4dc2-9a5a-cc7e7cc2498f","ts":"2025-12-05T03:21:15.337+00:00","eventName":"n8n.node.started","message":"n8n.node.started","payload":{"workflowId":"TO6cy9IQM8x3WmCp","workflowName":"testingDate","executionId":"26","nodeType":"n8n-nodes-base.manualTrigger","nodeName":"When clicking ‘Execute workflow’","nodeId":"65b7d32f-87fa-464e-8f06-99522b8b6755"}}
{"__type":"$$EventMessageConfirm","confirm":"41807413-f9b2-4dc2-9a5a-cc7e7cc2498f","ts":"2025-12-05T03:21:15.337+00:00","source":{"id":"0","name":"eventBus"}}
{"__type":"$$EventMessageNode","id":"c3ccd124-7afc-474f-a1fb-8a9ed5134c15","ts":"2025-12-05T03:21:15.339+00:00","eventName":"n8n.node.finished","message":"n8n.node.finished","payload":{"workflowId":"TO6cy9IQM8x3WmCp","workflowName":"testingDate","executionId":"26","nodeType":"n8n-nodes-base.manualTrigger","nodeName":"When clicking ‘Execute workflow’","nodeId":"65b7d32f-87fa-464e-8f06-99522b8b6755"}}
{"__type":"$$EventMessageConfirm","confirm":"c3ccd124-7afc-474f-a1fb-8a9ed5134c15","ts":"2025-12-05T03:21:15.339+00:00","source":{"id":"0","name":"eventBus"}}
{"__type":"$$EventMessageNode","id":"cbed1c25-f79c-4165-bb83-69a695464d78","ts":"2025-12-05T03:21:15.340+00:00","eventName":"n8n.node.started","message":"n8n.node.started","payload":{"workflowId":"TO6cy9IQM8x3WmCp","workflowName":"testingDate","executionId":"26","nodeType":"n8n-nodes-base.dateTime","nodeName":"Date & Time","nodeId":"a1a525b9-f922-48d0-87d7-34662a61c75e"}}
{"__type":"$$EventMessageConfirm","confirm":"cbed1c25-f79c-4165-bb83-69a695464d78","ts":"2025-12-05T03:21:15.340+00:00","source":{"id":"0","name":"eventBus"}}
{"__type":"$$EventMessageNode","id":"a0dc5fa7-af3e-49d7-b6d0-6209802c4b63","ts":"2025-12-05T03:21:15.343+00:00","eventName":"n8n.node.finished","message":"n8n.node.finished","payload":{"workflowId":"TO6cy9IQM8x3WmCp","workflowName":"testingDate","executionId":"26","nodeType":"n8n-nodes-base.dateTime","nodeName":"Date & Time","nodeId":"a1a525b9-f922-48d0-87d7-34662a61c75e"}}
{"__type":"$$EventMessageConfirm","confirm":"a0dc5fa7-af3e-49d7-b6d0-6209802c4b63","ts":"2025-12-05T03:21:15.343+00:00","source":{"id":"0","name":"eventBus"}}
{"__type":"$$EventMessageNode","id":"3a3fdfac-faac-456e-9653-21ee9b30acf1","ts":"2025-12-05T03:21:15.344+00:00","eventName":"n8n.node.started","message":"n8n.node.started","payload":{"workflowId":"TO6cy9IQM8x3WmCp","workflowName":"testingDate","executionId":"26","nodeType":"n8n-nodes-base.code","nodeName":"Code in JavaScript","nodeId":"6591047c-688e-4695-9321-1df6eac18510"}}
{"__type":"$$EventMessageConfirm","confirm":"3a3fdfac-faac-456e-9653-21ee9b30acf1","ts":"2025-12-05T03:21:15.344+00:00","source":{"id":"0","name":"eventBus"}}
{"__type":"$$EventMessageNode","id":"3e050906-ff4d-465b-8087-831fe076d25f","ts":"2025-12-04T22:21:15.360-05:00","eventName":"n8n.node.finished","message":"n8n.node.finished","payload":{"workflowId":"TO6cy9IQM8x3WmCp","workflowName":"testingDate","executionId":"26","nodeType":"n8n-nodes-base.code","nodeName":"Code in JavaScript","nodeId":"6591047c-688e-4695-9321-1df6eac18510"}}
{"__type":"$$EventMessageConfirm","confirm":"3e050906-ff4d-465b-8087-831fe076d25f","ts":"2025-12-04T22:21:15.360-05:00","source":{"id":"0","name":"eventBus"}}
{"__type":"$$EventMessageWorkflow","id":"bddf465c-2429-43d3-a47c-4f5831fd4d53","ts":"2025-12-04T22:21:15.364-05:00","eventName":"n8n.workflow.success","message":"n8n.workflow.success","payload":{"userId":"dff03fae-0459-48f8-9599-c25a89b8183c","executionId":"26","success":true,"isManual":true,"workflowId":"TO6cy9IQM8x3WmCp","workflowName":"testingDate"}}
{"__type":"$$EventMessageConfirm","confirm":"bddf465c-2429-43d3-a47c-4f5831fd4d53","ts":"2025-12-04T22:21:15.364-05:00","source":{"id":"0","name":"eventBus"}}
{"__type":"$$EventMessageWorkflow","id":"272d9ba2-b735-4a31-8135-c095a7254ada","ts":"2025-12-04T22:21:28.395-05:00","eventName":"n8n.workflow.started","message":"n8n.workflow.started","payload":{"executionId":"27","workflowId":"TO6cy9IQM8x3WmCp","isManual":false,"workflowName":"testingDate"}}
{"__type":"$$EventMessageConfirm","confirm":"272d9ba2-b735-4a31-8135-c095a7254ada","ts":"2025-12-04T22:21:28.395-05:00","source":{"id":"0","name":"eventBus"}}
{"__type":"$$EventMessageNode","id":"4c1ece41-2a46-40fa-920e-4c78b3d70f85","ts":"2025-12-04T22:21:28.396-05:00","eventName":"n8n.node.started","message":"n8n.node.started","payload":{"workflowId":"TO6cy9IQM8x3WmCp","workflowName":"testingDate","executionId":"27","nodeType":"n8n-nodes-base.code","nodeName":"Code in JavaScript","nodeId":"6591047c-688e-4695-9321-1df6eac18510"}}
{"__type":"$$EventMessageConfirm","confirm":"4c1ece41-2a46-40fa-920e-4c78b3d70f85","ts":"2025-12-04T22:21:28.396-05:00","source":{"id":"0","name":"eventBus"}}
{"__type":"$$EventMessageNode","id":"497d5daf-45a0-4caf-a604-ce972fe55468","ts":"2025-12-04T22:21:28.403-05:00","eventName":"n8n.node.finished","message":"n8n.node.finished","payload":{"workflowId":"TO6cy9IQM8x3WmCp","workflowName":"testingDate","executionId":"27","nodeType":"n8n-nodes-base.code","nodeName":"Code in JavaScript","nodeId":"6591047c-688e-4695-9321-1df6eac18510"}}
{"__type":"$$EventMessageConfirm","confirm":"497d5daf-45a0-4caf-a604-ce972fe55468","ts":"2025-12-04T22:21:28.403-05:00","source":{"id":"0","name":"eventBus"}}
{"__type":"$$EventMessageWorkflow","id":"a700368f-2283-4487-8d58-eed895dec553","ts":"2025-12-04T22:21:28.404-05:00","eventName":"n8n.workflow.success","message":"n8n.workflow.success","payload":{"userId":"dff03fae-0459-48f8-9599-c25a89b8183c","executionId":"27","success":true,"isManual":true,"workflowId":"TO6cy9IQM8x3WmCp","workflowName":"testingDate"}}
{"__type":"$$EventMessageConfirm","confirm":"a700368f-2283-4487-8d58-eed895dec553","ts":"2025-12-04T22:21:28.404-05:00","source":{"id":"0","name":"eventBus"}}
{"__type":"$$EventMessageAudit","id":"e8ea1c44-80bc-4b1c-8602-ae97c50e0790","ts":"2025-12-04T22:21:32.438-05:00","eventName":"n8n.audit.workflow.updated","message":"n8n.audit.workflow.updated","payload":{"userId":"dff03fae-0459-48f8-9599-c25a89b8183c","_email":"luis@test.com","_firstName":"luis","_lastName":"t","globalRole":"global:owner","workflowId":"TO6cy9IQM8x3WmCp","workflowName":"testingDate"}}
{"__type":"$$EventMessageConfirm","confirm":"e8ea1c44-80bc-4b1c-8602-ae97c50e0790","ts":"2025-12-04T22:21:32.438-05:00","source":{"id":"0","name":"eventBus"}}
