{"__type":"$$EventMessageWorkflow","id":"7d754227-ca62-4438-992a-d45fe06289e3","ts":"2025-12-04T17:34:43.980+00:00","eventName":"n8n.workflow.started","message":"n8n.workflow.started","payload":{"executionId":"16","workflowId":"TO6cy9IQM8x3WmCp","isManual":false,"workflowName":"testingDate"}}
{"__type":"$$EventMessageConfirm","confirm":"7d754227-ca62-4438-992a-d45fe06289e3","ts":"2025-12-04T17:34:43.980+00:00","source":{"id":"0","name":"eventBus"}}
{"__type":"$$EventMessageNode","id":"57a28ff1-71b0-42f6-bf24-10c9b4e97250","ts":"2025-12-04T17:34:43.982+00:00","eventName":"n8n.node.started","message":"n8n.node.started","payload":{"workflowId":"TO6cy9IQM8x3WmCp","workflowName":"testingDate","executionId":"16","nodeType":"n8n-nodes-base.manualTrigger","nodeName":"When clicking ‘Execute workflow’","nodeId":"65b7d32f-87fa-464e-8f06-99522b8b6755"}}
{"__type":"$$EventMessageConfirm","confirm":"57a28ff1-71b0-42f6-bf24-10c9b4e97250","ts":"2025-12-04T17:34:43.982+00:00","source":{"id":"0","name":"eventBus"}}
{"__type":"$$EventMessageNode","id":"82e01a21-46ec-4291-bc3c-91e80d6199c9","ts":"2025-12-04T17:34:43.986+00:00","eventName":"n8n.node.finished","message":"n8n.node.finished","payload":{"workflowId":"TO6cy9IQM8x3WmCp","workflowName":"testingDate","executionId":"16","nodeType":"n8n-nodes-base.manualTrigger","nodeName":"When clicking ‘Execute workflow’","nodeId":"65b7d32f-87fa-464e-8f06-99522b8b6755"}}
{"__type":"$$EventMessageConfirm","confirm":"82e01a21-46ec-4291-bc3c-91e80d6199c9","ts":"2025-12-04T17:34:43.986+00:00","source":{"id":"0","name":"eventBus"}}
{"__type":"$$EventMessageNode","id":"b831476f-0ba8-4b46-a7a3-234e28509255","ts":"2025-12-04T17:34:43.986+00:00","eventName":"n8n.node.started","message":"n8n.node.started","payload":{"workflowId":"TO6cy9IQM8x3WmCp","workflowName":"testingDate","executionId":"16","nodeType":"n8n-nodes-base.dateTime","nodeName":"Date & Time","nodeId":"a1a525b9-f922-48d0-87d7-34662a61c75e"}}
{"__type":"$$EventMessageConfirm","confirm":"b831476f-0ba8-4b46-a7a3-234e28509255","ts":"2025-12-04T17:34:43.987+00:00","source":{"id":"0","name":"eventBus"}}
{"__type":"$$EventMessageNode","id":"85f6c5b7-2af1-45e9-aa2f-3ceb2e6a8e76","ts":"2025-12-04T17:34:43.994+00:00","eventName":"n8n.node.finished","message":"n8n.node.finished","payload":{"workflowId":"TO6cy9IQM8x3WmCp","workflowName":"testingDate","executionId":"16","nodeType":"n8n-nodes-base.dateTime","nodeName":"Date & Time","nodeId":"a1a525b9-f922-48d0-87d7-34662a61c75e"}}
{"__type":"$$EventMessageConfirm","confirm":"85f6c5b7-2af1-45e9-aa2f-3ceb2e6a8e76","ts":"2025-12-04T17:34:43.994+00:00","source":{"id":"0","name":"eventBus"}}
{"__type":"$$EventMessageNode","id":"6ebcc1dc-c275-42e6-adf1-25fae770a7a4","ts":"2025-12-04T17:34:43.995+00:00","eventName":"n8n.node.started","message":"n8n.node.started","payload":{"workflowId":"TO6cy9IQM8x3WmCp","workflowName":"testingDate","executionId":"16","nodeType":"n8n-nodes-base.executeCommand","nodeName":"Execute Command","nodeId":"d503abee-7d06-4d4e-87fa-f30c5da6b45f"}}
{"__type":"$$EventMessageConfirm","confirm":"6ebcc1dc-c275-42e6-adf1-25fae770a7a4","ts":"2025-12-04T17:34:43.995+00:00","source":{"id":"0","name":"eventBus"}}
{"__type":"$$EventMessageNode","id":"ac5c35b3-59b5-409c-a2e5-1062ef6793cc","ts":"2025-12-04T17:34:44.031+00:00","eventName":"n8n.node.finished","message":"n8n.node.finished","payload":{"workflowId":"TO6cy9IQM8x3WmCp","workflowName":"testingDate","executionId":"16","nodeType":"n8n-nodes-base.executeCommand","nodeName":"Execute Command","nodeId":"d503abee-7d06-4d4e-87fa-f30c5da6b45f"}}
{"__type":"$$EventMessageConfirm","confirm":"ac5c35b3-59b5-409c-a2e5-1062ef6793cc","ts":"2025-12-04T17:34:44.031+00:00","source":{"id":"0","name":"eventBus"}}
{"__type":"$$EventMessageWorkflow","id":"09e1baa0-0cb8-4eb4-8159-a87f57a6b90c","ts":"2025-12-04T17:34:44.034+00:00","eventName":"n8n.workflow.failed","message":"n8n.workflow.failed","payload":{"userId":"dff03fae-0459-48f8-9599-c25a89b8183c","executionId":"16","success":false,"isManual":true,"workflowId":"TO6cy9IQM8x3WmCp","workflowName":"testingDate","lastNodeExecuted":"Execute Command","errorNodeType":"n8n-nodes-base.executeCommand","errorMessage":"Command failed: docker help\n/bin/sh: docker: not found\n"}}
{"__type":"$$EventMessageConfirm","confirm":"09e1baa0-0cb8-4eb4-8159-a87f57a6b90c","ts":"2025-12-04T17:34:44.034+00:00","source":{"id":"0","name":"eventBus"}}
{"__type":"$$EventMessageWorkflow","id":"56621b4c-cb82-4a55-9e73-489903e74124","ts":"2025-12-04T17:37:22.914+00:00","eventName":"n8n.workflow.started","message":"n8n.workflow.started","payload":{"executionId":"17","workflowId":"TO6cy9IQM8x3WmCp","isManual":false,"workflowName":"testingDate"}}
{"__type":"$$EventMessageConfirm","confirm":"56621b4c-cb82-4a55-9e73-489903e74124","ts":"2025-12-04T17:37:22.914+00:00","source":{"id":"0","name":"eventBus"}}
{"__type":"$$EventMessageNode","id":"cf9bffce-5610-49f6-b0b6-4bd212c2e2b8","ts":"2025-12-04T17:37:22.915+00:00","eventName":"n8n.node.started","message":"n8n.node.started","payload":{"workflowId":"TO6cy9IQM8x3WmCp","workflowName":"testingDate","executionId":"17","nodeType":"n8n-nodes-base.executeCommand","nodeName":"Execute Command","nodeId":"d503abee-7d06-4d4e-87fa-f30c5da6b45f"}}
{"__type":"$$EventMessageConfirm","confirm":"cf9bffce-5610-49f6-b0b6-4bd212c2e2b8","ts":"2025-12-04T17:37:22.915+00:00","source":{"id":"0","name":"eventBus"}}
{"__type":"$$EventMessageNode","id":"6ed0d359-58d1-448d-91a1-97cee786788b","ts":"2025-12-04T17:37:22.932+00:00","eventName":"n8n.node.finished","message":"n8n.node.finished","payload":{"workflowId":"TO6cy9IQM8x3WmCp","workflowName":"testingDate","executionId":"17","nodeType":"n8n-nodes-base.executeCommand","nodeName":"Execute Command","nodeId":"d503abee-7d06-4d4e-87fa-f30c5da6b45f"}}
{"__type":"$$EventMessageConfirm","confirm":"6ed0d359-58d1-448d-91a1-97cee786788b","ts":"2025-12-04T17:37:22.932+00:00","source":{"id":"0","name":"eventBus"}}
{"__type":"$$EventMessageWorkflow","id":"fe872906-1f3f-4d79-826d-2aa1f6cac1fc","ts":"2025-12-04T17:37:22.934+00:00","eventName":"n8n.workflow.success","message":"n8n.workflow.success","payload":{"userId":"dff03fae-0459-48f8-9599-c25a89b8183c","executionId":"17","success":true,"isManual":true,"workflowId":"TO6cy9IQM8x3WmCp","workflowName":"testingDate"}}
{"__type":"$$EventMessageConfirm","confirm":"fe872906-1f3f-4d79-826d-2aa1f6cac1fc","ts":"2025-12-04T17:37:22.934+00:00","source":{"id":"0","name":"eventBus"}}
{"__type":"$$EventMessageWorkflow","id":"0dcb9643-21b6-44d1-85ee-96b1cceb5ce8","ts":"2025-12-04T17:37:50.885+00:00","eventName":"n8n.workflow.started","message":"n8n.workflow.started","payload":{"executionId":"18","workflowId":"TO6cy9IQM8x3WmCp","isManual":false,"workflowName":"testingDate"}}
{"__type":"$$EventMessageConfirm","confirm":"0dcb9643-21b6-44d1-85ee-96b1cceb5ce8","ts":"2025-12-04T17:37:50.886+00:00","source":{"id":"0","name":"eventBus"}}
{"__type":"$$EventMessageNode","id":"303c1339-495f-4ecf-a5e2-960ceb94d75b","ts":"2025-12-04T17:37:50.886+00:00","eventName":"n8n.node.started","message":"n8n.node.started","payload":{"workflowId":"TO6cy9IQM8x3WmCp","workflowName":"testingDate","executionId":"18","nodeType":"n8n-nodes-base.executeCommand","nodeName":"Execute Command","nodeId":"d503abee-7d06-4d4e-87fa-f30c5da6b45f"}}
{"__type":"$$EventMessageConfirm","confirm":"303c1339-495f-4ecf-a5e2-960ceb94d75b","ts":"2025-12-04T17:37:50.886+00:00","source":{"id":"0","name":"eventBus"}}
{"__type":"$$EventMessageNode","id":"5fe71019-5e4e-4059-bbfd-b93003ad0e91","ts":"2025-12-04T17:37:50.891+00:00","eventName":"n8n.node.finished","message":"n8n.node.finished","payload":{"workflowId":"TO6cy9IQM8x3WmCp","workflowName":"testingDate","executionId":"18","nodeType":"n8n-nodes-base.executeCommand","nodeName":"Execute Command","nodeId":"d503abee-7d06-4d4e-87fa-f30c5da6b45f"}}
{"__type":"$$EventMessageConfirm","confirm":"5fe71019-5e4e-4059-bbfd-b93003ad0e91","ts":"2025-12-04T17:37:50.891+00:00","source":{"id":"0","name":"eventBus"}}
{"__type":"$$EventMessageWorkflow","id":"353588de-6d97-40a6-b6c7-c76b7eeab2b0","ts":"2025-12-04T17:37:50.893+00:00","eventName":"n8n.workflow.success","message":"n8n.workflow.success","payload":{"userId":"dff03fae-0459-48f8-9599-c25a89b8183c","executionId":"18","success":true,"isManual":true,"workflowId":"TO6cy9IQM8x3WmCp","workflowName":"testingDate"}}
{"__type":"$$EventMessageConfirm","confirm":"353588de-6d97-40a6-b6c7-c76b7eeab2b0","ts":"2025-12-04T17:37:50.893+00:00","source":{"id":"0","name":"eventBus"}}
{"__type":"$$EventMessageWorkflow","id":"8c4647d6-fe10-4332-8a44-8766b01a83c8","ts":"2025-12-04T17:38:12.140+00:00","eventName":"n8n.workflow.started","message":"n8n.workflow.started","payload":{"executionId":"19","workflowId":"TO6cy9IQM8x3WmCp","isManual":false,"workflowName":"testingDate"}}
{"__type":"$$EventMessageConfirm","confirm":"8c4647d6-fe10-4332-8a44-8766b01a83c8","ts":"2025-12-04T17:38:12.140+00:00","source":{"id":"0","name":"eventBus"}}
{"__type":"$$EventMessageNode","id":"b84db250-50e1-456f-adae-38fe84059a43","ts":"2025-12-04T17:38:12.141+00:00","eventName":"n8n.node.started","message":"n8n.node.started","payload":{"workflowId":"TO6cy9IQM8x3WmCp","workflowName":"testingDate","executionId":"19","nodeType":"n8n-nodes-base.executeCommand","nodeName":"Execute Command","nodeId":"d503abee-7d06-4d4e-87fa-f30c5da6b45f"}}
{"__type":"$$EventMessageConfirm","confirm":"b84db250-50e1-456f-adae-38fe84059a43","ts":"2025-12-04T17:38:12.141+00:00","source":{"id":"0","name":"eventBus"}}
{"__type":"$$EventMessageNode","id":"3314d1e3-4d38-4f15-b2cc-1c0300f1143d","ts":"2025-12-04T17:38:12.146+00:00","eventName":"n8n.node.finished","message":"n8n.node.finished","payload":{"workflowId":"TO6cy9IQM8x3WmCp","workflowName":"testingDate","executionId":"19","nodeType":"n8n-nodes-base.executeCommand","nodeName":"Execute Command","nodeId":"d503abee-7d06-4d4e-87fa-f30c5da6b45f"}}
{"__type":"$$EventMessageConfirm","confirm":"3314d1e3-4d38-4f15-b2cc-1c0300f1143d","ts":"2025-12-04T17:38:12.146+00:00","source":{"id":"0","name":"eventBus"}}
{"__type":"$$EventMessageWorkflow","id":"0376ff46-096a-43cf-affd-99082c5483f9","ts":"2025-12-04T17:38:12.148+00:00","eventName":"n8n.workflow.success","message":"n8n.workflow.success","payload":{"userId":"dff03fae-0459-48f8-9599-c25a89b8183c","executionId":"19","success":true,"isManual":true,"workflowId":"TO6cy9IQM8x3WmCp","workflowName":"testingDate"}}
{"__type":"$$EventMessageConfirm","confirm":"0376ff46-096a-43cf-affd-99082c5483f9","ts":"2025-12-04T17:38:12.148+00:00","source":{"id":"0","name":"eventBus"}}
{"__type":"$$EventMessageWorkflow","id":"4c2694b4-2aa4-4a9d-bfd1-30f4a49d7e63","ts":"2025-12-04T17:38:16.744+00:00","eventName":"n8n.workflow.started","message":"n8n.workflow.started","payload":{"executionId":"20","workflowId":"TO6cy9IQM8x3WmCp","isManual":false,"workflowName":"testingDate"}}
{"__type":"$$EventMessageConfirm","confirm":"4c2694b4-2aa4-4a9d-bfd1-30f4a49d7e63","ts":"2025-12-04T17:38:16.744+00:00","source":{"id":"0","name":"eventBus"}}
{"__type":"$$EventMessageNode","id":"14635154-bb18-41a5-b81b-d9ae7abd9c75","ts":"2025-12-04T17:38:16.745+00:00","eventName":"n8n.node.started","message":"n8n.node.started","payload":{"workflowId":"TO6cy9IQM8x3WmCp","workflowName":"testingDate","executionId":"20","nodeType":"n8n-nodes-base.executeCommand","nodeName":"Execute Command","nodeId":"d503abee-7d06-4d4e-87fa-f30c5da6b45f"}}
{"__type":"$$EventMessageConfirm","confirm":"14635154-bb18-41a5-b81b-d9ae7abd9c75","ts":"2025-12-04T17:38:16.745+00:00","source":{"id":"0","name":"eventBus"}}
{"__type":"$$EventMessageNode","id":"bc1903b1-60cb-4147-bd67-8f57d82cf417","ts":"2025-12-04T17:38:16.748+00:00","eventName":"n8n.node.finished","message":"n8n.node.finished","payload":{"workflowId":"TO6cy9IQM8x3WmCp","workflowName":"testingDate","executionId":"20","nodeType":"n8n-nodes-base.executeCommand","nodeName":"Execute Command","nodeId":"d503abee-7d06-4d4e-87fa-f30c5da6b45f"}}
{"__type":"$$EventMessageConfirm","confirm":"bc1903b1-60cb-4147-bd67-8f57d82cf417","ts":"2025-12-04T17:38:16.748+00:00","source":{"id":"0","name":"eventBus"}}
{"__type":"$$EventMessageWorkflow","id":"6499f650-476d-45dd-b424-6086b3958730","ts":"2025-12-04T17:38:16.749+00:00","eventName":"n8n.workflow.success","message":"n8n.workflow.success","payload":{"userId":"dff03fae-0459-48f8-9599-c25a89b8183c","executionId":"20","success":true,"isManual":true,"workflowId":"TO6cy9IQM8x3WmCp","workflowName":"testingDate"}}
{"__type":"$$EventMessageConfirm","confirm":"6499f650-476d-45dd-b424-6086b3958730","ts":"2025-12-04T17:38:16.749+00:00","source":{"id":"0","name":"eventBus"}}
{"__type":"$$EventMessageWorkflow","id":"f4a5317f-b24e-4ddd-a570-65b662f9ff2a","ts":"2025-12-04T17:38:35.327+00:00","eventName":"n8n.workflow.started","message":"n8n.workflow.started","payload":{"executionId":"21","workflowId":"TO6cy9IQM8x3WmCp","isManual":false,"workflowName":"testingDate"}}
{"__type":"$$EventMessageConfirm","confirm":"f4a5317f-b24e-4ddd-a570-65b662f9ff2a","ts":"2025-12-04T17:38:35.327+00:00","source":{"id":"0","name":"eventBus"}}
{"__type":"$$EventMessageNode","id":"125c3a8a-861f-4787-bb80-2ac7f59eb115","ts":"2025-12-04T17:38:35.328+00:00","eventName":"n8n.node.started","message":"n8n.node.started","payload":{"workflowId":"TO6cy9IQM8x3WmCp","workflowName":"testingDate","executionId":"21","nodeType":"n8n-nodes-base.executeCommand","nodeName":"Execute Command","nodeId":"d503abee-7d06-4d4e-87fa-f30c5da6b45f"}}
{"__type":"$$EventMessageConfirm","confirm":"125c3a8a-861f-4787-bb80-2ac7f59eb115","ts":"2025-12-04T17:38:35.328+00:00","source":{"id":"0","name":"eventBus"}}
{"__type":"$$EventMessageNode","id":"012e66c3-dff0-49fb-bfc1-71e3879c52e0","ts":"2025-12-04T17:38:35.331+00:00","eventName":"n8n.node.finished","message":"n8n.node.finished","payload":{"workflowId":"TO6cy9IQM8x3WmCp","workflowName":"testingDate","executionId":"21","nodeType":"n8n-nodes-base.executeCommand","nodeName":"Execute Command","nodeId":"d503abee-7d06-4d4e-87fa-f30c5da6b45f"}}
{"__type":"$$EventMessageConfirm","confirm":"012e66c3-dff0-49fb-bfc1-71e3879c52e0","ts":"2025-12-04T17:38:35.331+00:00","source":{"id":"0","name":"eventBus"}}
{"__type":"$$EventMessageWorkflow","id":"bdd78d1d-c17c-4615-95f1-7db6d5f31b80","ts":"2025-12-04T17:38:35.332+00:00","eventName":"n8n.workflow.success","message":"n8n.workflow.success","payload":{"userId":"dff03fae-0459-48f8-9599-c25a89b8183c","executionId":"21","success":true,"isManual":true,"workflowId":"TO6cy9IQM8x3WmCp","workflowName":"testingDate"}}
{"__type":"$$EventMessageConfirm","confirm":"bdd78d1d-c17c-4615-95f1-7db6d5f31b80","ts":"2025-12-04T17:38:35.332+00:00","source":{"id":"0","name":"eventBus"}}
{"__type":"$$EventMessageWorkflow","id":"948df234-6b0c-4240-817b-89f6923c7f77","ts":"2025-12-04T17:39:02.871+00:00","eventName":"n8n.workflow.started","message":"n8n.workflow.started","payload":{"executionId":"22","workflowId":"TO6cy9IQM8x3WmCp","isManual":false,"workflowName":"testingDate"}}
{"__type":"$$EventMessageConfirm","confirm":"948df234-6b0c-4240-817b-89f6923c7f77","ts":"2025-12-04T17:39:02.871+00:00","source":{"id":"0","name":"eventBus"}}
{"__type":"$$EventMessageNode","id":"71d2a49f-ea87-4c5c-8784-25a023e2358a","ts":"2025-12-04T17:39:02.872+00:00","eventName":"n8n.node.started","message":"n8n.node.started","payload":{"workflowId":"TO6cy9IQM8x3WmCp","workflowName":"testingDate","executionId":"22","nodeType":"n8n-nodes-base.executeCommand","nodeName":"Execute Command","nodeId":"d503abee-7d06-4d4e-87fa-f30c5da6b45f"}}
{"__type":"$$EventMessageConfirm","confirm":"71d2a49f-ea87-4c5c-8784-25a023e2358a","ts":"2025-12-04T17:39:02.872+00:00","source":{"id":"0","name":"eventBus"}}
{"__type":"$$EventMessageNode","id":"f471b0dc-8af6-4de2-a2b3-65b3a3235b19","ts":"2025-12-04T17:39:02.876+00:00","eventName":"n8n.node.finished","message":"n8n.node.finished","payload":{"workflowId":"TO6cy9IQM8x3WmCp","workflowName":"testingDate","executionId":"22","nodeType":"n8n-nodes-base.executeCommand","nodeName":"Execute Command","nodeId":"d503abee-7d06-4d4e-87fa-f30c5da6b45f"}}
{"__type":"$$EventMessageConfirm","confirm":"f471b0dc-8af6-4de2-a2b3-65b3a3235b19","ts":"2025-12-04T17:39:02.876+00:00","source":{"id":"0","name":"eventBus"}}
{"__type":"$$EventMessageWorkflow","id":"807e0856-733c-484a-ba0e-a58be180cd56","ts":"2025-12-04T17:39:02.877+00:00","eventName":"n8n.workflow.success","message":"n8n.workflow.success","payload":{"userId":"dff03fae-0459-48f8-9599-c25a89b8183c","executionId":"22","success":true,"isManual":true,"workflowId":"TO6cy9IQM8x3WmCp","workflowName":"testingDate"}}
{"__type":"$$EventMessageConfirm","confirm":"807e0856-733c-484a-ba0e-a58be180cd56","ts":"2025-12-04T17:39:02.877+00:00","source":{"id":"0","name":"eventBus"}}
{"__type":"$$EventMessageWorkflow","id":"f915e1c8-9c82-4d18-b344-a290057c00bc","ts":"2025-12-04T17:39:08.074+00:00","eventName":"n8n.workflow.started","message":"n8n.workflow.started","payload":{"executionId":"23","workflowId":"TO6cy9IQM8x3WmCp","isManual":false,"workflowName":"testingDate"}}
{"__type":"$$EventMessageConfirm","confirm":"f915e1c8-9c82-4d18-b344-a290057c00bc","ts":"2025-12-04T17:39:08.074+00:00","source":{"id":"0","name":"eventBus"}}
{"__type":"$$EventMessageNode","id":"f7da1c91-d223-43b7-bd71-f5cbd9861589","ts":"2025-12-04T17:39:08.075+00:00","eventName":"n8n.node.started","message":"n8n.node.started","payload":{"workflowId":"TO6cy9IQM8x3WmCp","workflowName":"testingDate","executionId":"23","nodeType":"n8n-nodes-base.executeCommand","nodeName":"Execute Command","nodeId":"d503abee-7d06-4d4e-87fa-f30c5da6b45f"}}
{"__type":"$$EventMessageConfirm","confirm":"f7da1c91-d223-43b7-bd71-f5cbd9861589","ts":"2025-12-04T17:39:08.075+00:00","source":{"id":"0","name":"eventBus"}}
{"__type":"$$EventMessageNode","id":"7496ffd3-ea3c-481a-8589-a9a26744d0d9","ts":"2025-12-04T17:39:08.079+00:00","eventName":"n8n.node.finished","message":"n8n.node.finished","payload":{"workflowId":"TO6cy9IQM8x3WmCp","workflowName":"testingDate","executionId":"23","nodeType":"n8n-nodes-base.executeCommand","nodeName":"Execute Command","nodeId":"d503abee-7d06-4d4e-87fa-f30c5da6b45f"}}
{"__type":"$$EventMessageConfirm","confirm":"7496ffd3-ea3c-481a-8589-a9a26744d0d9","ts":"2025-12-04T17:39:08.079+00:00","source":{"id":"0","name":"eventBus"}}
{"__type":"$$EventMessageWorkflow","id":"c5d2949e-b8f7-4a3c-8466-57544beb736d","ts":"2025-12-04T17:39:08.080+00:00","eventName":"n8n.workflow.success","message":"n8n.workflow.success","payload":{"userId":"dff03fae-0459-48f8-9599-c25a89b8183c","executionId":"23","success":true,"isManual":true,"workflowId":"TO6cy9IQM8x3WmCp","workflowName":"testingDate"}}
{"__type":"$$EventMessageConfirm","confirm":"c5d2949e-b8f7-4a3c-8466-57544beb736d","ts":"2025-12-04T17:39:08.080+00:00","source":{"id":"0","name":"eventBus"}}
{"__type":"$$EventMessageWorkflow","id":"c87416be-16fc-4e30-90a8-fdee21d46427","ts":"2025-12-04T17:39:12.853+00:00","eventName":"n8n.workflow.started","message":"n8n.workflow.started","payload":{"executionId":"24","workflowId":"TO6cy9IQM8x3WmCp","isManual":false,"workflowName":"testingDate"}}
{"__type":"$$EventMessageConfirm","confirm":"c87416be-16fc-4e30-90a8-fdee21d46427","ts":"2025-12-04T17:39:12.853+00:00","source":{"id":"0","name":"eventBus"}}
{"__type":"$$EventMessageNode","id":"90f8ac05-2962-437b-b701-37bfcdcea6e8","ts":"2025-12-04T17:39:12.854+00:00","eventName":"n8n.node.started","message":"n8n.node.started","payload":{"workflowId":"TO6cy9IQM8x3WmCp","workflowName":"testingDate","executionId":"24","nodeType":"n8n-nodes-base.executeCommand","nodeName":"Execute Command","nodeId":"d503abee-7d06-4d4e-87fa-f30c5da6b45f"}}
{"__type":"$$EventMessageConfirm","confirm":"90f8ac05-2962-437b-b701-37bfcdcea6e8","ts":"2025-12-04T17:39:12.854+00:00","source":{"id":"0","name":"eventBus"}}
{"__type":"$$EventMessageNode","id":"4252d520-c898-412a-af2b-16afed5223b9","ts":"2025-12-04T17:39:12.858+00:00","eventName":"n8n.node.finished","message":"n8n.node.finished","payload":{"workflowId":"TO6cy9IQM8x3WmCp","workflowName":"testingDate","executionId":"24","nodeType":"n8n-nodes-base.executeCommand","nodeName":"Execute Command","nodeId":"d503abee-7d06-4d4e-87fa-f30c5da6b45f"}}
{"__type":"$$EventMessageConfirm","confirm":"4252d520-c898-412a-af2b-16afed5223b9","ts":"2025-12-04T17:39:12.858+00:00","source":{"id":"0","name":"eventBus"}}
{"__type":"$$EventMessageWorkflow","id":"51bd4c52-1e81-4c7e-abf3-43d7423cb55e","ts":"2025-12-04T17:39:12.859+00:00","eventName":"n8n.workflow.success","message":"n8n.workflow.success","payload":{"userId":"dff03fae-0459-48f8-9599-c25a89b8183c","executionId":"24","success":true,"isManual":true,"workflowId":"TO6cy9IQM8x3WmCp","workflowName":"testingDate"}}
{"__type":"$$EventMessageConfirm","confirm":"51bd4c52-1e81-4c7e-abf3-43d7423cb55e","ts":"2025-12-04T17:39:12.859+00:00","source":{"id":"0","name":"eventBus"}}
{"__type":"$$EventMessageWorkflow","id":"44d6c078-a88b-4901-b24e-bd9b8c1bfff1","ts":"2025-12-04T17:39:25.250+00:00","eventName":"n8n.workflow.started","message":"n8n.workflow.started","payload":{"executionId":"25","workflowId":"TO6cy9IQM8x3WmCp","isManual":false,"workflowName":"testingDate"}}
{"__type":"$$EventMessageConfirm","confirm":"44d6c078-a88b-4901-b24e-bd9b8c1bfff1","ts":"2025-12-04T17:39:25.250+00:00","source":{"id":"0","name":"eventBus"}}
{"__type":"$$EventMessageNode","id":"dd6b3725-85a1-4492-b6ea-701a601f73f3","ts":"2025-12-04T17:39:25.251+00:00","eventName":"n8n.node.started","message":"n8n.node.started","payload":{"workflowId":"TO6cy9IQM8x3WmCp","workflowName":"testingDate","executionId":"25","nodeType":"n8n-nodes-base.executeCommand","nodeName":"Execute Command","nodeId":"d503abee-7d06-4d4e-87fa-f30c5da6b45f"}}
{"__type":"$$EventMessageConfirm","confirm":"dd6b3725-85a1-4492-b6ea-701a601f73f3","ts":"2025-12-04T17:39:25.251+00:00","source":{"id":"0","name":"eventBus"}}
{"__type":"$$EventMessageNode","id":"925b83c4-8ccd-4459-81ac-666907a65584","ts":"2025-12-04T17:39:25.256+00:00","eventName":"n8n.node.finished","message":"n8n.node.finished","payload":{"workflowId":"TO6cy9IQM8x3WmCp","workflowName":"testingDate","executionId":"25","nodeType":"n8n-nodes-base.executeCommand","nodeName":"Execute Command","nodeId":"d503abee-7d06-4d4e-87fa-f30c5da6b45f"}}
{"__type":"$$EventMessageConfirm","confirm":"925b83c4-8ccd-4459-81ac-666907a65584","ts":"2025-12-04T17:39:25.256+00:00","source":{"id":"0","name":"eventBus"}}
{"__type":"$$EventMessageWorkflow","id":"3fda9f54-24c6-4ace-9b77-66f8c794ec4e","ts":"2025-12-04T17:39:25.258+00:00","eventName":"n8n.workflow.success","message":"n8n.workflow.success","payload":{"userId":"dff03fae-0459-48f8-9599-c25a89b8183c","executionId":"25","success":true,"isManual":true,"workflowId":"TO6cy9IQM8x3WmCp","workflowName":"testingDate"}}
{"__type":"$$EventMessageConfirm","confirm":"3fda9f54-24c6-4ace-9b77-66f8c794ec4e","ts":"2025-12-04T17:39:25.258+00:00","source":{"id":"0","name":"eventBus"}}
